<testsuites id="" name="" tests="3" failures="1" skipped="0" errors="0" time="32.982572">
<testsuite name="stagehand-production-auth.spec.ts" timestamp="2025-06-08T11:51:16.254Z" hostname="chromium" tests="3" failures="1" skipped="0" time="55.229" errors="0">
<testcase name="Stagehand Production Authentication › should complete full authentication flow on preview deployment" classname="stagehand-production-auth.spec.ts" time="31.176">
<failure message="stagehand-production-auth.spec.ts:39:7 should complete full authentication flow on preview deployment" type="FAILURE">
<![CDATA[  [chromium] › stagehand-production-auth.spec.ts:39:7 › Stagehand Production Authentication › should complete full authentication flow on preview deployment 

    Test timeout of 30000ms exceeded.

    StagehandDefaultError: 
    Hey! We're sorry you ran into an error. 
    If you need help, please open a Github issue or reach out to us on Slack: https://stagehand.dev/slack

    Full error:
    page.evaluate: Target page, context or browser has been closed
        at _StagehandPage.<anonymous> (/Users/geoffreydudgeon/Documents/Cursor Projects/chat-frontier-flora/node_modules/@browserbasehq/stagehand/dist/index.js:3437:15)
        at rejected (/Users/geoffreydudgeon/Documents/Cursor Projects/chat-frontier-flora/node_modules/@browserbasehq/stagehand/dist/index.js:73:29)

    attachment #1: screenshot (image/png) ──────────────────────────────────────────────────────────
    test-results/stagehand-production-auth--f58a0--flow-on-preview-deployment-chromium/test-failed-1.png
    ────────────────────────────────────────────────────────────────────────────────────────────────

    Error Context: ../test-results/stagehand-production-auth--f58a0--flow-on-preview-deployment-chromium/error-context.md
]]>
</failure>
<system-out>
<![CDATA[🎭 Testing complete authentication flow with Stagehand on preview...
📄 Initial page state: {
  isSignupPage: [33mtrue[39m,
  hasSignupForm: [33mtrue[39m,
  pageTitle: [32m'Chat Frontier Flora'[39m,
  isLoading: [33mfalse[39m
}
👤 Creating test user: stagehand-test-1749383485416@example.com

[[ATTACHMENT|stagehand-production-auth--f58a0--flow-on-preview-deployment-chromium/test-failed-1.png]]

[[ATTACHMENT|stagehand-production-auth--f58a0--flow-on-preview-deployment-chromium/error-context.md]]
]]>
</system-out>
</testcase>
<testcase name="Stagehand Production Authentication › should handle form validation errors gracefully" classname="stagehand-production-auth.spec.ts" time="16">
<system-out>
<![CDATA[🔍 Testing form validation with Stagehand...
⚠️ Validation state: {
  emailError: [32m'Please enter a valid email address'[39m,
  passwordError: [32m'At least 8 characters, At least one uppercase letter, At least one lowercase letter, At least one number, At least one special character (!@#$%^&*)'[39m,
  submitButtonEnabled: [33mfalse[39m,
  overallFormValid: [33mfalse[39m
}
💪 Improved validation: { passwordStrength: [32m'Strong'[39m, passwordAccepted: [33mtrue[39m }
]]>
</system-out>
</testcase>
<testcase name="Stagehand Production Authentication › should work on production deployment" classname="stagehand-production-auth.spec.ts" time="8.053">
<system-out>
<![CDATA[🌐 Testing production deployment with Stagehand...
🏭 Production state: {
  siteLoaded: [33mtrue[39m,
  hasSignupForm: [33mtrue[39m,
  isResponsive: [33mtrue[39m,
  noErrors: [33mtrue[39m
}
✅ Production site verification passed!
]]>
</system-out>
</testcase>
</testsuite>
</testsuites>